

*******************************************************************************
Mon Jan 29 09:16:21 2018


FIT:    data read from "Ener.dat" u (($1)*($1)):2:3
        format = x:z:s
        #datapoints = 3
function used for fitting: f(x)
fitted parameters initialized with current variable values



 Iteration 0
 WSSR        : 9.33551e+06       delta(WSSR)/WSSR   : 0
 delta(WSSR) : 0                 limit for stopping : 1e-05
 lambda	  : 491.183

initial set of free parameter values

a               = 1
b               = 1

After 6 iterations the fit converged.
final sum of squares of residuals : 0.697788
rel. change during last iteration : -6.19392e-11

degrees of freedom    (FIT_NDF)                        : 1
rms of residuals      (FIT_STDFIT) = sqrt(WSSR/ndf)    : 0.835337
variance of residuals (reduced chisquare) = WSSR/ndf   : 0.697788

Final set of parameters            Asymptotic Standard Error
=======================            ==========================

a               = -1.47328         +/- 0.001698     (0.1153%)
b               = -5.00419         +/- 0.1405       (2.808%)


correlation matrix of the fit parameters:

               a      b      
a               1.000 
b              -0.913  1.000 


*******************************************************************************
Mon Jan 29 10:23:40 2018


FIT:    data read from "Ener.dat" u ($1*$1):2:3
        format = x:z:s
        #datapoints = 3
function used for fitting: f(x)
fitted parameters initialized with current variable values



 Iteration 0
 WSSR        : 9.33551e+06       delta(WSSR)/WSSR   : 0
 delta(WSSR) : 0                 limit for stopping : 1e-05
 lambda	  : 491.183

initial set of free parameter values

a               = 1
b               = 1

After 6 iterations the fit converged.
final sum of squares of residuals : 0.697788
rel. change during last iteration : -6.19392e-11

degrees of freedom    (FIT_NDF)                        : 1
rms of residuals      (FIT_STDFIT) = sqrt(WSSR/ndf)    : 0.835337
variance of residuals (reduced chisquare) = WSSR/ndf   : 0.697788

Final set of parameters            Asymptotic Standard Error
=======================            ==========================

a               = -1.47328         +/- 0.001698     (0.1153%)
b               = -5.00419         +/- 0.1405       (2.808%)


correlation matrix of the fit parameters:

               a      b      
a               1.000 
b              -0.913  1.000 


*******************************************************************************
Mon Jan 29 10:24:19 2018


FIT:    data read from "Ener.dat" u ($1*$1):2:3
        format = x:z:s
        #datapoints = 3
function used for fitting: f(x)
fitted parameters initialized with current variable values



 Iteration 0
 WSSR        : 9.33551e+06       delta(WSSR)/WSSR   : 0
 delta(WSSR) : 0                 limit for stopping : 1e-05
 lambda	  : 491.183

initial set of free parameter values

a               = 1
b               = 1

After 6 iterations the fit converged.
final sum of squares of residuals : 0.697788
rel. change during last iteration : -6.19392e-11

degrees of freedom    (FIT_NDF)                        : 1
rms of residuals      (FIT_STDFIT) = sqrt(WSSR/ndf)    : 0.835337
variance of residuals (reduced chisquare) = WSSR/ndf   : 0.697788

Final set of parameters            Asymptotic Standard Error
=======================            ==========================

a               = -1.47328         +/- 0.001698     (0.1153%)
b               = -5.00419         +/- 0.1405       (2.808%)


correlation matrix of the fit parameters:

               a      b      
a               1.000 
b              -0.913  1.000 


*******************************************************************************
Mon Jan 29 10:25:09 2018


FIT:    data read from "Ener.dat" u ($1*$1):2:3
        format = x:z:s
        #datapoints = 3
function used for fitting: f(x)
fitted parameters initialized with current variable values



 Iteration 0
 WSSR        : 9.33551e+06       delta(WSSR)/WSSR   : 0
 delta(WSSR) : 0                 limit for stopping : 1e-05
 lambda	  : 491.183

initial set of free parameter values

a               = 1
b               = 1

After 6 iterations the fit converged.
final sum of squares of residuals : 0.697788
rel. change during last iteration : -6.19392e-11

degrees of freedom    (FIT_NDF)                        : 1
rms of residuals      (FIT_STDFIT) = sqrt(WSSR/ndf)    : 0.835337
variance of residuals (reduced chisquare) = WSSR/ndf   : 0.697788

Final set of parameters            Asymptotic Standard Error
=======================            ==========================

a               = -1.47328         +/- 0.001698     (0.1153%)
b               = -5.00419         +/- 0.1405       (2.808%)


correlation matrix of the fit parameters:

               a      b      
a               1.000 
b              -0.913  1.000 


*******************************************************************************
Mon Jan 29 10:25:36 2018


FIT:    data read from "Ener.dat" u ($1*$1):2:3
        format = x:z:s
        #datapoints = 3
function used for fitting: f(x)
fitted parameters initialized with current variable values



 Iteration 0
 WSSR        : 9.33551e+06       delta(WSSR)/WSSR   : 0
 delta(WSSR) : 0                 limit for stopping : 1e-05
 lambda	  : 491.183

initial set of free parameter values

a               = 1
b               = 1

After 6 iterations the fit converged.
final sum of squares of residuals : 0.697788
rel. change during last iteration : -6.19392e-11

degrees of freedom    (FIT_NDF)                        : 1
rms of residuals      (FIT_STDFIT) = sqrt(WSSR/ndf)    : 0.835337
variance of residuals (reduced chisquare) = WSSR/ndf   : 0.697788

Final set of parameters            Asymptotic Standard Error
=======================            ==========================

a               = -1.47328         +/- 0.001698     (0.1153%)
b               = -5.00419         +/- 0.1405       (2.808%)


correlation matrix of the fit parameters:

               a      b      
a               1.000 
b              -0.913  1.000 


*******************************************************************************
Mon Jan 29 10:26:18 2018


FIT:    data read from "Ener.dat" u ($1*$1):2:3
        format = x:z:s
        #datapoints = 3
function used for fitting: f(x)
fitted parameters initialized with current variable values



 Iteration 0
 WSSR        : 9.33551e+06       delta(WSSR)/WSSR   : 0
 delta(WSSR) : 0                 limit for stopping : 1e-05
 lambda	  : 491.183

initial set of free parameter values

a               = 1
b               = 1

After 6 iterations the fit converged.
final sum of squares of residuals : 0.697788
rel. change during last iteration : -6.19392e-11

degrees of freedom    (FIT_NDF)                        : 1
rms of residuals      (FIT_STDFIT) = sqrt(WSSR/ndf)    : 0.835337
variance of residuals (reduced chisquare) = WSSR/ndf   : 0.697788

Final set of parameters            Asymptotic Standard Error
=======================            ==========================

a               = -1.47328         +/- 0.001698     (0.1153%)
b               = -5.00419         +/- 0.1405       (2.808%)


correlation matrix of the fit parameters:

               a      b      
a               1.000 
b              -0.913  1.000 


*******************************************************************************
Mon Jan 29 10:26:32 2018


FIT:    data read from "Ener.dat" u ($1*$1):2:3
        format = x:z:s
        #datapoints = 3
function used for fitting: f(x)
fitted parameters initialized with current variable values



 Iteration 0
 WSSR        : 9.33551e+06       delta(WSSR)/WSSR   : 0
 delta(WSSR) : 0                 limit for stopping : 1e-05
 lambda	  : 491.183

initial set of free parameter values

a               = 1
b               = 1

After 6 iterations the fit converged.
final sum of squares of residuals : 0.697788
rel. change during last iteration : -6.19392e-11

degrees of freedom    (FIT_NDF)                        : 1
rms of residuals      (FIT_STDFIT) = sqrt(WSSR/ndf)    : 0.835337
variance of residuals (reduced chisquare) = WSSR/ndf   : 0.697788

Final set of parameters            Asymptotic Standard Error
=======================            ==========================

a               = -1.47328         +/- 0.001698     (0.1153%)
b               = -5.00419         +/- 0.1405       (2.808%)


correlation matrix of the fit parameters:

               a      b      
a               1.000 
b              -0.913  1.000 


*******************************************************************************
Mon Jan 29 10:27:00 2018


FIT:    data read from "Ener.dat" u ($1*$1):2:3
        format = x:z:s
        #datapoints = 3
function used for fitting: f(x)
fitted parameters initialized with current variable values



 Iteration 0
 WSSR        : 9.33551e+06       delta(WSSR)/WSSR   : 0
 delta(WSSR) : 0                 limit for stopping : 1e-05
 lambda	  : 491.183

initial set of free parameter values

a               = 1
b               = 1

After 6 iterations the fit converged.
final sum of squares of residuals : 0.697788
rel. change during last iteration : -6.19392e-11

degrees of freedom    (FIT_NDF)                        : 1
rms of residuals      (FIT_STDFIT) = sqrt(WSSR/ndf)    : 0.835337
variance of residuals (reduced chisquare) = WSSR/ndf   : 0.697788

Final set of parameters            Asymptotic Standard Error
=======================            ==========================

a               = -1.47328         +/- 0.001698     (0.1153%)
b               = -5.00419         +/- 0.1405       (2.808%)


correlation matrix of the fit parameters:

               a      b      
a               1.000 
b              -0.913  1.000 


*******************************************************************************
Mon Jan 29 10:27:23 2018


FIT:    data read from "Ener.dat" u ($1*$1):2:3
        format = x:z:s
        #datapoints = 3
function used for fitting: f(x)
fitted parameters initialized with current variable values



 Iteration 0
 WSSR        : 9.33551e+06       delta(WSSR)/WSSR   : 0
 delta(WSSR) : 0                 limit for stopping : 1e-05
 lambda	  : 491.183

initial set of free parameter values

a               = 1
b               = 1

After 6 iterations the fit converged.
final sum of squares of residuals : 0.697788
rel. change during last iteration : -6.19392e-11

degrees of freedom    (FIT_NDF)                        : 1
rms of residuals      (FIT_STDFIT) = sqrt(WSSR/ndf)    : 0.835337
variance of residuals (reduced chisquare) = WSSR/ndf   : 0.697788

Final set of parameters            Asymptotic Standard Error
=======================            ==========================

a               = -1.47328         +/- 0.001698     (0.1153%)
b               = -5.00419         +/- 0.1405       (2.808%)


correlation matrix of the fit parameters:

               a      b      
a               1.000 
b              -0.913  1.000 


*******************************************************************************
Mon Jan 29 10:27:50 2018


FIT:    data read from "Ener.dat" u ($1*$1):2:3
        format = x:z:s
        #datapoints = 3
function used for fitting: f(x)
fitted parameters initialized with current variable values



 Iteration 0
 WSSR        : 9.33551e+06       delta(WSSR)/WSSR   : 0
 delta(WSSR) : 0                 limit for stopping : 1e-05
 lambda	  : 491.183

initial set of free parameter values

a               = 1
b               = 1

After 6 iterations the fit converged.
final sum of squares of residuals : 0.697788
rel. change during last iteration : -6.19392e-11

degrees of freedom    (FIT_NDF)                        : 1
rms of residuals      (FIT_STDFIT) = sqrt(WSSR/ndf)    : 0.835337
variance of residuals (reduced chisquare) = WSSR/ndf   : 0.697788

Final set of parameters            Asymptotic Standard Error
=======================            ==========================

a               = -1.47328         +/- 0.001698     (0.1153%)
b               = -5.00419         +/- 0.1405       (2.808%)


correlation matrix of the fit parameters:

               a      b      
a               1.000 
b              -0.913  1.000 


*******************************************************************************
Thu Feb  1 05:48:24 2018


FIT:    data read from "Ener.dat" u ($1*$1):2:3
        format = x:z:s
        #datapoints = 3
function used for fitting: f(x)
fitted parameters initialized with current variable values



 Iteration 0
 WSSR        : 9.33551e+06       delta(WSSR)/WSSR   : 0
 delta(WSSR) : 0                 limit for stopping : 1e-05
 lambda	  : 491.183

initial set of free parameter values

a               = 1
b               = 1

After 6 iterations the fit converged.
final sum of squares of residuals : 0.697788
rel. change during last iteration : -6.19392e-11

degrees of freedom    (FIT_NDF)                        : 1
rms of residuals      (FIT_STDFIT) = sqrt(WSSR/ndf)    : 0.835337
variance of residuals (reduced chisquare) = WSSR/ndf   : 0.697788

Final set of parameters            Asymptotic Standard Error
=======================            ==========================

a               = -1.47328         +/- 0.001698     (0.1153%)
b               = -5.00419         +/- 0.1405       (2.808%)


correlation matrix of the fit parameters:

               a      b      
a               1.000 
b              -0.913  1.000 


*******************************************************************************
Thu Feb  1 05:48:43 2018


FIT:    data read from "Ener.dat" u ($1*$1):2:3
        format = x:z:s
        #datapoints = 3
function used for fitting: f(x)
fitted parameters initialized with current variable values



 Iteration 0
 WSSR        : 9.33551e+06       delta(WSSR)/WSSR   : 0
 delta(WSSR) : 0                 limit for stopping : 1e-05
 lambda	  : 491.183

initial set of free parameter values

a               = 1
b               = 1

After 6 iterations the fit converged.
final sum of squares of residuals : 0.697788
rel. change during last iteration : -6.19392e-11

degrees of freedom    (FIT_NDF)                        : 1
rms of residuals      (FIT_STDFIT) = sqrt(WSSR/ndf)    : 0.835337
variance of residuals (reduced chisquare) = WSSR/ndf   : 0.697788

Final set of parameters            Asymptotic Standard Error
=======================            ==========================

a               = -1.47328         +/- 0.001698     (0.1153%)
b               = -5.00419         +/- 0.1405       (2.808%)


correlation matrix of the fit parameters:

               a      b      
a               1.000 
b              -0.913  1.000 
